Archive member included because of file (symbol)

/Users/kyle/pebble-dev/PebbleSDK-2.0-BETA7/Pebble/lib/libpebble.a(tmpW5b3swpebble.o)
                              src/pebbletodoTxt.c.7.o (app_comm_set_sniff_interval)

Allocating common symbols
Common symbol       size              file

projects            0x90              src/pebbletodoTxt.c.7.o
tasks               0x90              src/pebbletodoTxt.c.7.o
appTimer            0x4               src/filter_project.c.7.o
taskItems           0x1b0             src/pebbletodoTxt.c.7.o
strings             0x90              src/filter_project.c.7.o
contexts            0x90              src/pebbletodoTxt.c.7.o

Discarded input sections

 .text          0x0000000000000000        0x0 /Users/kyle/pebble-dev/PebbleSDK-2.0-BETA7/arm-cs-tools/bin/../lib/gcc/arm-none-eabi/4.7.2/thumb2/crti.o
 .bss           0x0000000000000000        0x0 /Users/kyle/pebble-dev/PebbleSDK-2.0-BETA7/arm-cs-tools/bin/../lib/gcc/arm-none-eabi/4.7.2/thumb2/crti.o
 .init          0x0000000000000000        0x4 /Users/kyle/pebble-dev/PebbleSDK-2.0-BETA7/arm-cs-tools/bin/../lib/gcc/arm-none-eabi/4.7.2/thumb2/crti.o
 .fini          0x0000000000000000        0x4 /Users/kyle/pebble-dev/PebbleSDK-2.0-BETA7/arm-cs-tools/bin/../lib/gcc/arm-none-eabi/4.7.2/thumb2/crti.o
 .text          0x0000000000000000       0xc8 /Users/kyle/pebble-dev/PebbleSDK-2.0-BETA7/arm-cs-tools/bin/../lib/gcc/arm-none-eabi/4.7.2/thumb2/crtbegin.o
 .bss           0x0000000000000000       0x1c /Users/kyle/pebble-dev/PebbleSDK-2.0-BETA7/arm-cs-tools/bin/../lib/gcc/arm-none-eabi/4.7.2/thumb2/crtbegin.o
 .init_array    0x0000000000000000        0x4 /Users/kyle/pebble-dev/PebbleSDK-2.0-BETA7/arm-cs-tools/bin/../lib/gcc/arm-none-eabi/4.7.2/thumb2/crtbegin.o
 .fini_array    0x0000000000000000        0x4 /Users/kyle/pebble-dev/PebbleSDK-2.0-BETA7/arm-cs-tools/bin/../lib/gcc/arm-none-eabi/4.7.2/thumb2/crtbegin.o
 .eh_frame      0x0000000000000000        0x0 /Users/kyle/pebble-dev/PebbleSDK-2.0-BETA7/arm-cs-tools/bin/../lib/gcc/arm-none-eabi/4.7.2/thumb2/crtbegin.o
 .jcr           0x0000000000000000        0x0 /Users/kyle/pebble-dev/PebbleSDK-2.0-BETA7/arm-cs-tools/bin/../lib/gcc/arm-none-eabi/4.7.2/thumb2/crtbegin.o
 .tm_clone_table
                0x0000000000000000        0x0 /Users/kyle/pebble-dev/PebbleSDK-2.0-BETA7/arm-cs-tools/bin/../lib/gcc/arm-none-eabi/4.7.2/thumb2/crtbegin.o
 .text          0x0000000000000000        0x0 src/filter.c.7.o
 .bss           0x0000000000000000        0x0 src/filter.c.7.o
 .text          0x0000000000000000        0x0 src/filter_project.c.7.o
 .bss           0x0000000000000000        0x0 src/filter_project.c.7.o
 .text          0x0000000000000000        0x0 src/filter_project_display.c.7.o
 .bss           0x0000000000000000        0x0 src/filter_project_display.c.7.o
 .text          0x0000000000000000        0x0 src/pebbletodoTxt.c.7.o
 .bss           0x0000000000000000        0x0 src/pebbletodoTxt.c.7.o
 .text          0x0000000000000000        0x0 appinfo.auto.c.7.o
 .bss           0x0000000000000000        0x0 appinfo.auto.c.7.o
 .bss           0x0000000000000000        0x0 /Users/kyle/pebble-dev/PebbleSDK-2.0-BETA7/Pebble/lib/libpebble.a(tmpW5b3swpebble.o)
 .text.accel_data_service_subscribe__deprecated
                0x0000000000000000        0xc /Users/kyle/pebble-dev/PebbleSDK-2.0-BETA7/Pebble/lib/libpebble.a(tmpW5b3swpebble.o)
 .text.accel_data_service_unsubscribe
                0x0000000000000000        0xc /Users/kyle/pebble-dev/PebbleSDK-2.0-BETA7/Pebble/lib/libpebble.a(tmpW5b3swpebble.o)
 .text.accel_service_peek
                0x0000000000000000        0xc /Users/kyle/pebble-dev/PebbleSDK-2.0-BETA7/Pebble/lib/libpebble.a(tmpW5b3swpebble.o)
 .text.accel_service_set_samples_per_update
                0x0000000000000000        0xc /Users/kyle/pebble-dev/PebbleSDK-2.0-BETA7/Pebble/lib/libpebble.a(tmpW5b3swpebble.o)
 .text.accel_service_set_sampling_rate
                0x0000000000000000        0xc /Users/kyle/pebble-dev/PebbleSDK-2.0-BETA7/Pebble/lib/libpebble.a(tmpW5b3swpebble.o)
 .text.accel_tap_service_subscribe
                0x0000000000000000        0xc /Users/kyle/pebble-dev/PebbleSDK-2.0-BETA7/Pebble/lib/libpebble.a(tmpW5b3swpebble.o)
 .text.accel_tap_service_unsubscribe
                0x0000000000000000        0xc /Users/kyle/pebble-dev/PebbleSDK-2.0-BETA7/Pebble/lib/libpebble.a(tmpW5b3swpebble.o)
 .text.action_bar_layer_add_to_window
                0x0000000000000000        0xc /Users/kyle/pebble-dev/PebbleSDK-2.0-BETA7/Pebble/lib/libpebble.a(tmpW5b3swpebble.o)
 .text.action_bar_layer_clear_icon
                0x0000000000000000        0xc /Users/kyle/pebble-dev/PebbleSDK-2.0-BETA7/Pebble/lib/libpebble.a(tmpW5b3swpebble.o)
 .text.action_bar_layer_create
                0x0000000000000000        0xc /Users/kyle/pebble-dev/PebbleSDK-2.0-BETA7/Pebble/lib/libpebble.a(tmpW5b3swpebble.o)
 .text.action_bar_layer_destroy
                0x0000000000000000        0xc /Users/kyle/pebble-dev/PebbleSDK-2.0-BETA7/Pebble/lib/libpebble.a(tmpW5b3swpebble.o)
 .text.action_bar_layer_get_layer
                0x0000000000000000        0xc /Users/kyle/pebble-dev/PebbleSDK-2.0-BETA7/Pebble/lib/libpebble.a(tmpW5b3swpebble.o)
 .text.action_bar_layer_remove_from_window
                0x0000000000000000        0xc /Users/kyle/pebble-dev/PebbleSDK-2.0-BETA7/Pebble/lib/libpebble.a(tmpW5b3swpebble.o)
 .text.action_bar_layer_set_background_color
                0x0000000000000000        0xc /Users/kyle/pebble-dev/PebbleSDK-2.0-BETA7/Pebble/lib/libpebble.a(tmpW5b3swpebble.o)
 .text.action_bar_layer_set_click_config_provider
                0x0000000000000000        0xc /Users/kyle/pebble-dev/PebbleSDK-2.0-BETA7/Pebble/lib/libpebble.a(tmpW5b3swpebble.o)
 .text.action_bar_layer_set_context
                0x0000000000000000        0xc /Users/kyle/pebble-dev/PebbleSDK-2.0-BETA7/Pebble/lib/libpebble.a(tmpW5b3swpebble.o)
 .text.action_bar_layer_set_icon
                0x0000000000000000        0xc /Users/kyle/pebble-dev/PebbleSDK-2.0-BETA7/Pebble/lib/libpebble.a(tmpW5b3swpebble.o)
 .text.animation_create
                0x0000000000000000        0xc /Users/kyle/pebble-dev/PebbleSDK-2.0-BETA7/Pebble/lib/libpebble.a(tmpW5b3swpebble.o)
 .text.animation_destroy
                0x0000000000000000        0xc /Users/kyle/pebble-dev/PebbleSDK-2.0-BETA7/Pebble/lib/libpebble.a(tmpW5b3swpebble.o)
 .text.animation_get_context
                0x0000000000000000        0xc /Users/kyle/pebble-dev/PebbleSDK-2.0-BETA7/Pebble/lib/libpebble.a(tmpW5b3swpebble.o)
 .text.animation_is_scheduled
                0x0000000000000000        0xc /Users/kyle/pebble-dev/PebbleSDK-2.0-BETA7/Pebble/lib/libpebble.a(tmpW5b3swpebble.o)
 .text.animation_schedule
                0x0000000000000000        0xc /Users/kyle/pebble-dev/PebbleSDK-2.0-BETA7/Pebble/lib/libpebble.a(tmpW5b3swpebble.o)
 .text.animation_set_curve
                0x0000000000000000        0xc /Users/kyle/pebble-dev/PebbleSDK-2.0-BETA7/Pebble/lib/libpebble.a(tmpW5b3swpebble.o)
 .text.animation_set_delay
                0x0000000000000000        0xc /Users/kyle/pebble-dev/PebbleSDK-2.0-BETA7/Pebble/lib/libpebble.a(tmpW5b3swpebble.o)
 .text.animation_set_duration
                0x0000000000000000        0xc /Users/kyle/pebble-dev/PebbleSDK-2.0-BETA7/Pebble/lib/libpebble.a(tmpW5b3swpebble.o)
 .text.animation_set_handlers
                0x0000000000000000        0xc /Users/kyle/pebble-dev/PebbleSDK-2.0-BETA7/Pebble/lib/libpebble.a(tmpW5b3swpebble.o)
 .text.animation_set_implementation
                0x0000000000000000        0xc /Users/kyle/pebble-dev/PebbleSDK-2.0-BETA7/Pebble/lib/libpebble.a(tmpW5b3swpebble.o)
 .text.animation_unschedule
                0x0000000000000000        0xc /Users/kyle/pebble-dev/PebbleSDK-2.0-BETA7/Pebble/lib/libpebble.a(tmpW5b3swpebble.o)
 .text.animation_unschedule_all
                0x0000000000000000        0xc /Users/kyle/pebble-dev/PebbleSDK-2.0-BETA7/Pebble/lib/libpebble.a(tmpW5b3swpebble.o)
 .text.app_comm_get_sniff_interval
                0x0000000000000000        0xc /Users/kyle/pebble-dev/PebbleSDK-2.0-BETA7/Pebble/lib/libpebble.a(tmpW5b3swpebble.o)
 .text.app_message_deregister_callbacks
                0x0000000000000000        0xc /Users/kyle/pebble-dev/PebbleSDK-2.0-BETA7/Pebble/lib/libpebble.a(tmpW5b3swpebble.o)
 .text.app_sync_get
                0x0000000000000000        0xc /Users/kyle/pebble-dev/PebbleSDK-2.0-BETA7/Pebble/lib/libpebble.a(tmpW5b3swpebble.o)
 .text.app_sync_set
                0x0000000000000000        0xc /Users/kyle/pebble-dev/PebbleSDK-2.0-BETA7/Pebble/lib/libpebble.a(tmpW5b3swpebble.o)
 .text.app_timer_cancel
                0x0000000000000000        0xc /Users/kyle/pebble-dev/PebbleSDK-2.0-BETA7/Pebble/lib/libpebble.a(tmpW5b3swpebble.o)
 .text.app_timer_reschedule
                0x0000000000000000        0xc /Users/kyle/pebble-dev/PebbleSDK-2.0-BETA7/Pebble/lib/libpebble.a(tmpW5b3swpebble.o)
 .text.atan2_lookup
                0x0000000000000000        0xc /Users/kyle/pebble-dev/PebbleSDK-2.0-BETA7/Pebble/lib/libpebble.a(tmpW5b3swpebble.o)
 .text.atoi     0x0000000000000000        0xc /Users/kyle/pebble-dev/PebbleSDK-2.0-BETA7/Pebble/lib/libpebble.a(tmpW5b3swpebble.o)
 .text.atol     0x0000000000000000        0xc /Users/kyle/pebble-dev/PebbleSDK-2.0-BETA7/Pebble/lib/libpebble.a(tmpW5b3swpebble.o)
 .text.battery_state_service_peek
                0x0000000000000000        0xc /Users/kyle/pebble-dev/PebbleSDK-2.0-BETA7/Pebble/lib/libpebble.a(tmpW5b3swpebble.o)
 .text.battery_state_service_subscribe
                0x0000000000000000        0xc /Users/kyle/pebble-dev/PebbleSDK-2.0-BETA7/Pebble/lib/libpebble.a(tmpW5b3swpebble.o)
 .text.battery_state_service_unsubscribe
                0x0000000000000000        0xc /Users/kyle/pebble-dev/PebbleSDK-2.0-BETA7/Pebble/lib/libpebble.a(tmpW5b3swpebble.o)
 .text.bitmap_layer_create
                0x0000000000000000        0xc /Users/kyle/pebble-dev/PebbleSDK-2.0-BETA7/Pebble/lib/libpebble.a(tmpW5b3swpebble.o)
 .text.bitmap_layer_destroy
                0x0000000000000000        0xc /Users/kyle/pebble-dev/PebbleSDK-2.0-BETA7/Pebble/lib/libpebble.a(tmpW5b3swpebble.o)
 .text.bitmap_layer_get_layer
                0x0000000000000000        0xc /Users/kyle/pebble-dev/PebbleSDK-2.0-BETA7/Pebble/lib/libpebble.a(tmpW5b3swpebble.o)
 .text.bitmap_layer_set_alignment
                0x0000000000000000        0xc /Users/kyle/pebble-dev/PebbleSDK-2.0-BETA7/Pebble/lib/libpebble.a(tmpW5b3swpebble.o)
 .text.bitmap_layer_set_background_color
                0x0000000000000000        0xc /Users/kyle/pebble-dev/PebbleSDK-2.0-BETA7/Pebble/lib/libpebble.a(tmpW5b3swpebble.o)
 .text.bitmap_layer_set_bitmap
                0x0000000000000000        0xc /Users/kyle/pebble-dev/PebbleSDK-2.0-BETA7/Pebble/lib/libpebble.a(tmpW5b3swpebble.o)
 .text.bitmap_layer_set_compositing_mode
                0x0000000000000000        0xc /Users/kyle/pebble-dev/PebbleSDK-2.0-BETA7/Pebble/lib/libpebble.a(tmpW5b3swpebble.o)
 .text.bluetooth_connection_service_peek
                0x0000000000000000        0xc /Users/kyle/pebble-dev/PebbleSDK-2.0-BETA7/Pebble/lib/libpebble.a(tmpW5b3swpebble.o)
 .text.bluetooth_connection_service_subscribe
                0x0000000000000000        0xc /Users/kyle/pebble-dev/PebbleSDK-2.0-BETA7/Pebble/lib/libpebble.a(tmpW5b3swpebble.o)
 .text.bluetooth_connection_service_unsubscribe
                0x0000000000000000        0xc /Users/kyle/pebble-dev/PebbleSDK-2.0-BETA7/Pebble/lib/libpebble.a(tmpW5b3swpebble.o)
 .text.click_number_of_clicks_counted
                0x0000000000000000        0xc /Users/kyle/pebble-dev/PebbleSDK-2.0-BETA7/Pebble/lib/libpebble.a(tmpW5b3swpebble.o)
 .text.click_recognizer_get_button_id
                0x0000000000000000        0xc /Users/kyle/pebble-dev/PebbleSDK-2.0-BETA7/Pebble/lib/libpebble.a(tmpW5b3swpebble.o)
 .text.clock_copy_time_string
                0x0000000000000000        0xc /Users/kyle/pebble-dev/PebbleSDK-2.0-BETA7/Pebble/lib/libpebble.a(tmpW5b3swpebble.o)
 .text.clock_is_24h_style
                0x0000000000000000        0xc /Users/kyle/pebble-dev/PebbleSDK-2.0-BETA7/Pebble/lib/libpebble.a(tmpW5b3swpebble.o)
 .text.cos_lookup
                0x0000000000000000        0xc /Users/kyle/pebble-dev/PebbleSDK-2.0-BETA7/Pebble/lib/libpebble.a(tmpW5b3swpebble.o)
 .text.data_logging_create
                0x0000000000000000        0xc /Users/kyle/pebble-dev/PebbleSDK-2.0-BETA7/Pebble/lib/libpebble.a(tmpW5b3swpebble.o)
 .text.data_logging_finish
                0x0000000000000000        0xc /Users/kyle/pebble-dev/PebbleSDK-2.0-BETA7/Pebble/lib/libpebble.a(tmpW5b3swpebble.o)
 .text.data_logging_log
                0x0000000000000000        0xc /Users/kyle/pebble-dev/PebbleSDK-2.0-BETA7/Pebble/lib/libpebble.a(tmpW5b3swpebble.o)
 .text.dict_calc_buffer_size
                0x0000000000000000        0xc /Users/kyle/pebble-dev/PebbleSDK-2.0-BETA7/Pebble/lib/libpebble.a(tmpW5b3swpebble.o)
 .text.dict_calc_buffer_size_from_tuplets
                0x0000000000000000        0xc /Users/kyle/pebble-dev/PebbleSDK-2.0-BETA7/Pebble/lib/libpebble.a(tmpW5b3swpebble.o)
 .text.dict_find
                0x0000000000000000        0xc /Users/kyle/pebble-dev/PebbleSDK-2.0-BETA7/Pebble/lib/libpebble.a(tmpW5b3swpebble.o)
 .text.dict_merge
                0x0000000000000000        0xc /Users/kyle/pebble-dev/PebbleSDK-2.0-BETA7/Pebble/lib/libpebble.a(tmpW5b3swpebble.o)
 .text.dict_read_begin_from_buffer
                0x0000000000000000        0xc /Users/kyle/pebble-dev/PebbleSDK-2.0-BETA7/Pebble/lib/libpebble.a(tmpW5b3swpebble.o)
 .text.dict_read_first
                0x0000000000000000        0xc /Users/kyle/pebble-dev/PebbleSDK-2.0-BETA7/Pebble/lib/libpebble.a(tmpW5b3swpebble.o)
 .text.dict_read_next
                0x0000000000000000        0xc /Users/kyle/pebble-dev/PebbleSDK-2.0-BETA7/Pebble/lib/libpebble.a(tmpW5b3swpebble.o)
 .text.dict_serialize_tuplets
                0x0000000000000000        0xc /Users/kyle/pebble-dev/PebbleSDK-2.0-BETA7/Pebble/lib/libpebble.a(tmpW5b3swpebble.o)
 .text.dict_serialize_tuplets_to_buffer__deprecated
                0x0000000000000000        0xc /Users/kyle/pebble-dev/PebbleSDK-2.0-BETA7/Pebble/lib/libpebble.a(tmpW5b3swpebble.o)
 .text.dict_serialize_tuplets_to_buffer_with_iter
                0x0000000000000000        0xc /Users/kyle/pebble-dev/PebbleSDK-2.0-BETA7/Pebble/lib/libpebble.a(tmpW5b3swpebble.o)
 .text.dict_write_begin
                0x0000000000000000        0xc /Users/kyle/pebble-dev/PebbleSDK-2.0-BETA7/Pebble/lib/libpebble.a(tmpW5b3swpebble.o)
 .text.dict_write_cstring
                0x0000000000000000        0xc /Users/kyle/pebble-dev/PebbleSDK-2.0-BETA7/Pebble/lib/libpebble.a(tmpW5b3swpebble.o)
 .text.dict_write_data
                0x0000000000000000        0xc /Users/kyle/pebble-dev/PebbleSDK-2.0-BETA7/Pebble/lib/libpebble.a(tmpW5b3swpebble.o)
 .text.dict_write_end
                0x0000000000000000        0xc /Users/kyle/pebble-dev/PebbleSDK-2.0-BETA7/Pebble/lib/libpebble.a(tmpW5b3swpebble.o)
 .text.dict_write_int
                0x0000000000000000        0xc /Users/kyle/pebble-dev/PebbleSDK-2.0-BETA7/Pebble/lib/libpebble.a(tmpW5b3swpebble.o)
 .text.dict_write_int16
                0x0000000000000000        0xc /Users/kyle/pebble-dev/PebbleSDK-2.0-BETA7/Pebble/lib/libpebble.a(tmpW5b3swpebble.o)
 .text.dict_write_int32
                0x0000000000000000        0xc /Users/kyle/pebble-dev/PebbleSDK-2.0-BETA7/Pebble/lib/libpebble.a(tmpW5b3swpebble.o)
 .text.dict_write_int8
                0x0000000000000000        0xc /Users/kyle/pebble-dev/PebbleSDK-2.0-BETA7/Pebble/lib/libpebble.a(tmpW5b3swpebble.o)
 .text.dict_write_uint16
                0x0000000000000000        0xc /Users/kyle/pebble-dev/PebbleSDK-2.0-BETA7/Pebble/lib/libpebble.a(tmpW5b3swpebble.o)
 .text.dict_write_uint32
                0x0000000000000000        0xc /Users/kyle/pebble-dev/PebbleSDK-2.0-BETA7/Pebble/lib/libpebble.a(tmpW5b3swpebble.o)
 .text.dict_write_uint8
                0x0000000000000000        0xc /Users/kyle/pebble-dev/PebbleSDK-2.0-BETA7/Pebble/lib/libpebble.a(tmpW5b3swpebble.o)
 .text.fonts_get_system_font
                0x0000000000000000        0xc /Users/kyle/pebble-dev/PebbleSDK-2.0-BETA7/Pebble/lib/libpebble.a(tmpW5b3swpebble.o)
 .text.fonts_load_custom_font
                0x0000000000000000        0xc /Users/kyle/pebble-dev/PebbleSDK-2.0-BETA7/Pebble/lib/libpebble.a(tmpW5b3swpebble.o)
 .text.fonts_unload_custom_font
                0x0000000000000000        0xc /Users/kyle/pebble-dev/PebbleSDK-2.0-BETA7/Pebble/lib/libpebble.a(tmpW5b3swpebble.o)
 .text.free     0x0000000000000000        0xc /Users/kyle/pebble-dev/PebbleSDK-2.0-BETA7/Pebble/lib/libpebble.a(tmpW5b3swpebble.o)
 .text.gbitmap_create_as_sub_bitmap
                0x0000000000000000        0xc /Users/kyle/pebble-dev/PebbleSDK-2.0-BETA7/Pebble/lib/libpebble.a(tmpW5b3swpebble.o)
 .text.gbitmap_create_with_data
                0x0000000000000000        0xc /Users/kyle/pebble-dev/PebbleSDK-2.0-BETA7/Pebble/lib/libpebble.a(tmpW5b3swpebble.o)
 .text.gbitmap_create_with_resource
                0x0000000000000000        0xc /Users/kyle/pebble-dev/PebbleSDK-2.0-BETA7/Pebble/lib/libpebble.a(tmpW5b3swpebble.o)
 .text.gbitmap_destroy
                0x0000000000000000        0xc /Users/kyle/pebble-dev/PebbleSDK-2.0-BETA7/Pebble/lib/libpebble.a(tmpW5b3swpebble.o)
 .text.gmtime   0x0000000000000000        0xc /Users/kyle/pebble-dev/PebbleSDK-2.0-BETA7/Pebble/lib/libpebble.a(tmpW5b3swpebble.o)
 .text.gpath_create
                0x0000000000000000        0xc /Users/kyle/pebble-dev/PebbleSDK-2.0-BETA7/Pebble/lib/libpebble.a(tmpW5b3swpebble.o)
 .text.gpath_destroy
                0x0000000000000000        0xc /Users/kyle/pebble-dev/PebbleSDK-2.0-BETA7/Pebble/lib/libpebble.a(tmpW5b3swpebble.o)
 .text.gpath_draw_filled
                0x0000000000000000        0xc /Users/kyle/pebble-dev/PebbleSDK-2.0-BETA7/Pebble/lib/libpebble.a(tmpW5b3swpebble.o)
 .text.gpath_draw_outline
                0x0000000000000000        0xc /Users/kyle/pebble-dev/PebbleSDK-2.0-BETA7/Pebble/lib/libpebble.a(tmpW5b3swpebble.o)
 .text.gpath_move_to
                0x0000000000000000        0xc /Users/kyle/pebble-dev/PebbleSDK-2.0-BETA7/Pebble/lib/libpebble.a(tmpW5b3swpebble.o)
 .text.gpath_rotate_to
                0x0000000000000000        0xc /Users/kyle/pebble-dev/PebbleSDK-2.0-BETA7/Pebble/lib/libpebble.a(tmpW5b3swpebble.o)
 .text.gpoint_equal
                0x0000000000000000        0xc /Users/kyle/pebble-dev/PebbleSDK-2.0-BETA7/Pebble/lib/libpebble.a(tmpW5b3swpebble.o)
 .text.graphics_context_set_compositing_mode
                0x0000000000000000        0xc /Users/kyle/pebble-dev/PebbleSDK-2.0-BETA7/Pebble/lib/libpebble.a(tmpW5b3swpebble.o)
 .text.graphics_context_set_fill_color
                0x0000000000000000        0xc /Users/kyle/pebble-dev/PebbleSDK-2.0-BETA7/Pebble/lib/libpebble.a(tmpW5b3swpebble.o)
 .text.graphics_context_set_stroke_color
                0x0000000000000000        0xc /Users/kyle/pebble-dev/PebbleSDK-2.0-BETA7/Pebble/lib/libpebble.a(tmpW5b3swpebble.o)
 .text.graphics_context_set_text_color
                0x0000000000000000        0xc /Users/kyle/pebble-dev/PebbleSDK-2.0-BETA7/Pebble/lib/libpebble.a(tmpW5b3swpebble.o)
 .text.graphics_draw_bitmap_in_rect
                0x0000000000000000        0xc /Users/kyle/pebble-dev/PebbleSDK-2.0-BETA7/Pebble/lib/libpebble.a(tmpW5b3swpebble.o)
 .text.graphics_draw_circle
                0x0000000000000000        0xc /Users/kyle/pebble-dev/PebbleSDK-2.0-BETA7/Pebble/lib/libpebble.a(tmpW5b3swpebble.o)
 .text.graphics_draw_line
                0x0000000000000000        0xc /Users/kyle/pebble-dev/PebbleSDK-2.0-BETA7/Pebble/lib/libpebble.a(tmpW5b3swpebble.o)
 .text.graphics_draw_pixel
                0x0000000000000000        0xc /Users/kyle/pebble-dev/PebbleSDK-2.0-BETA7/Pebble/lib/libpebble.a(tmpW5b3swpebble.o)
 .text.graphics_draw_rect
                0x0000000000000000        0xc /Users/kyle/pebble-dev/PebbleSDK-2.0-BETA7/Pebble/lib/libpebble.a(tmpW5b3swpebble.o)
 .text.graphics_draw_round_rect
                0x0000000000000000        0xc /Users/kyle/pebble-dev/PebbleSDK-2.0-BETA7/Pebble/lib/libpebble.a(tmpW5b3swpebble.o)
 .text.graphics_fill_circle
                0x0000000000000000        0xc /Users/kyle/pebble-dev/PebbleSDK-2.0-BETA7/Pebble/lib/libpebble.a(tmpW5b3swpebble.o)
 .text.graphics_fill_rect
                0x0000000000000000        0xc /Users/kyle/pebble-dev/PebbleSDK-2.0-BETA7/Pebble/lib/libpebble.a(tmpW5b3swpebble.o)
 .text.graphics_text_layout_get_max_used_size
                0x0000000000000000        0xc /Users/kyle/pebble-dev/PebbleSDK-2.0-BETA7/Pebble/lib/libpebble.a(tmpW5b3swpebble.o)
 .text.grect_align
                0x0000000000000000        0xc /Users/kyle/pebble-dev/PebbleSDK-2.0-BETA7/Pebble/lib/libpebble.a(tmpW5b3swpebble.o)
 .text.grect_center_point
                0x0000000000000000        0xc /Users/kyle/pebble-dev/PebbleSDK-2.0-BETA7/Pebble/lib/libpebble.a(tmpW5b3swpebble.o)
 .text.grect_clip
                0x0000000000000000        0xc /Users/kyle/pebble-dev/PebbleSDK-2.0-BETA7/Pebble/lib/libpebble.a(tmpW5b3swpebble.o)
 .text.grect_contains_point
                0x0000000000000000        0xc /Users/kyle/pebble-dev/PebbleSDK-2.0-BETA7/Pebble/lib/libpebble.a(tmpW5b3swpebble.o)
 .text.grect_crop
                0x0000000000000000        0xc /Users/kyle/pebble-dev/PebbleSDK-2.0-BETA7/Pebble/lib/libpebble.a(tmpW5b3swpebble.o)
 .text.grect_equal
                0x0000000000000000        0xc /Users/kyle/pebble-dev/PebbleSDK-2.0-BETA7/Pebble/lib/libpebble.a(tmpW5b3swpebble.o)
 .text.grect_is_empty
                0x0000000000000000        0xc /Users/kyle/pebble-dev/PebbleSDK-2.0-BETA7/Pebble/lib/libpebble.a(tmpW5b3swpebble.o)
 .text.grect_standardize
                0x0000000000000000        0xc /Users/kyle/pebble-dev/PebbleSDK-2.0-BETA7/Pebble/lib/libpebble.a(tmpW5b3swpebble.o)
 .text.gsize_equal
                0x0000000000000000        0xc /Users/kyle/pebble-dev/PebbleSDK-2.0-BETA7/Pebble/lib/libpebble.a(tmpW5b3swpebble.o)
 .text.inverter_layer_create
                0x0000000000000000        0xc /Users/kyle/pebble-dev/PebbleSDK-2.0-BETA7/Pebble/lib/libpebble.a(tmpW5b3swpebble.o)
 .text.inverter_layer_destroy
                0x0000000000000000        0xc /Users/kyle/pebble-dev/PebbleSDK-2.0-BETA7/Pebble/lib/libpebble.a(tmpW5b3swpebble.o)
 .text.inverter_layer_get_layer
                0x0000000000000000        0xc /Users/kyle/pebble-dev/PebbleSDK-2.0-BETA7/Pebble/lib/libpebble.a(tmpW5b3swpebble.o)
 .text.layer_create
                0x0000000000000000        0xc /Users/kyle/pebble-dev/PebbleSDK-2.0-BETA7/Pebble/lib/libpebble.a(tmpW5b3swpebble.o)
 .text.layer_create_with_data
                0x0000000000000000        0xc /Users/kyle/pebble-dev/PebbleSDK-2.0-BETA7/Pebble/lib/libpebble.a(tmpW5b3swpebble.o)
 .text.layer_destroy
                0x0000000000000000        0xc /Users/kyle/pebble-dev/PebbleSDK-2.0-BETA7/Pebble/lib/libpebble.a(tmpW5b3swpebble.o)
 .text.layer_get_bounds
                0x0000000000000000        0xc /Users/kyle/pebble-dev/PebbleSDK-2.0-BETA7/Pebble/lib/libpebble.a(tmpW5b3swpebble.o)
 .text.layer_get_clips
                0x0000000000000000        0xc /Users/kyle/pebble-dev/PebbleSDK-2.0-BETA7/Pebble/lib/libpebble.a(tmpW5b3swpebble.o)
 .text.layer_get_data
                0x0000000000000000        0xc /Users/kyle/pebble-dev/PebbleSDK-2.0-BETA7/Pebble/lib/libpebble.a(tmpW5b3swpebble.o)
 .text.layer_get_hidden
                0x0000000000000000        0xc /Users/kyle/pebble-dev/PebbleSDK-2.0-BETA7/Pebble/lib/libpebble.a(tmpW5b3swpebble.o)
 .text.layer_get_window
                0x0000000000000000        0xc /Users/kyle/pebble-dev/PebbleSDK-2.0-BETA7/Pebble/lib/libpebble.a(tmpW5b3swpebble.o)
 .text.layer_insert_above_sibling
                0x0000000000000000        0xc /Users/kyle/pebble-dev/PebbleSDK-2.0-BETA7/Pebble/lib/libpebble.a(tmpW5b3swpebble.o)
 .text.layer_insert_below_sibling
                0x0000000000000000        0xc /Users/kyle/pebble-dev/PebbleSDK-2.0-BETA7/Pebble/lib/libpebble.a(tmpW5b3swpebble.o)
 .text.layer_mark_dirty
                0x0000000000000000        0xc /Users/kyle/pebble-dev/PebbleSDK-2.0-BETA7/Pebble/lib/libpebble.a(tmpW5b3swpebble.o)
 .text.layer_remove_child_layers
                0x0000000000000000        0xc /Users/kyle/pebble-dev/PebbleSDK-2.0-BETA7/Pebble/lib/libpebble.a(tmpW5b3swpebble.o)
 .text.layer_remove_from_parent
                0x0000000000000000        0xc /Users/kyle/pebble-dev/PebbleSDK-2.0-BETA7/Pebble/lib/libpebble.a(tmpW5b3swpebble.o)
 .text.layer_set_bounds
                0x0000000000000000        0xc /Users/kyle/pebble-dev/PebbleSDK-2.0-BETA7/Pebble/lib/libpebble.a(tmpW5b3swpebble.o)
 .text.layer_set_clips
                0x0000000000000000        0xc /Users/kyle/pebble-dev/PebbleSDK-2.0-BETA7/Pebble/lib/libpebble.a(tmpW5b3swpebble.o)
 .text.layer_set_frame
                0x0000000000000000        0xc /Users/kyle/pebble-dev/PebbleSDK-2.0-BETA7/Pebble/lib/libpebble.a(tmpW5b3swpebble.o)
 .text.layer_set_hidden
                0x0000000000000000        0xc /Users/kyle/pebble-dev/PebbleSDK-2.0-BETA7/Pebble/lib/libpebble.a(tmpW5b3swpebble.o)
 .text.layer_set_update_proc
                0x0000000000000000        0xc /Users/kyle/pebble-dev/PebbleSDK-2.0-BETA7/Pebble/lib/libpebble.a(tmpW5b3swpebble.o)
 .text.light_enable
                0x0000000000000000        0xc /Users/kyle/pebble-dev/PebbleSDK-2.0-BETA7/Pebble/lib/libpebble.a(tmpW5b3swpebble.o)
 .text.light_enable_interaction
                0x0000000000000000        0xc /Users/kyle/pebble-dev/PebbleSDK-2.0-BETA7/Pebble/lib/libpebble.a(tmpW5b3swpebble.o)
 .text.localtime
                0x0000000000000000        0xc /Users/kyle/pebble-dev/PebbleSDK-2.0-BETA7/Pebble/lib/libpebble.a(tmpW5b3swpebble.o)
 .text.malloc   0x0000000000000000        0xc /Users/kyle/pebble-dev/PebbleSDK-2.0-BETA7/Pebble/lib/libpebble.a(tmpW5b3swpebble.o)
 .text.memcpy   0x0000000000000000        0xc /Users/kyle/pebble-dev/PebbleSDK-2.0-BETA7/Pebble/lib/libpebble.a(tmpW5b3swpebble.o)
 .text.memmove  0x0000000000000000        0xc /Users/kyle/pebble-dev/PebbleSDK-2.0-BETA7/Pebble/lib/libpebble.a(tmpW5b3swpebble.o)
 .text.menu_cell_basic_header_draw
                0x0000000000000000        0xc /Users/kyle/pebble-dev/PebbleSDK-2.0-BETA7/Pebble/lib/libpebble.a(tmpW5b3swpebble.o)
 .text.menu_cell_title_draw
                0x0000000000000000        0xc /Users/kyle/pebble-dev/PebbleSDK-2.0-BETA7/Pebble/lib/libpebble.a(tmpW5b3swpebble.o)
 .text.menu_index_compare
                0x0000000000000000        0xc /Users/kyle/pebble-dev/PebbleSDK-2.0-BETA7/Pebble/lib/libpebble.a(tmpW5b3swpebble.o)
 .text.menu_layer_get_scroll_layer
                0x0000000000000000        0xc /Users/kyle/pebble-dev/PebbleSDK-2.0-BETA7/Pebble/lib/libpebble.a(tmpW5b3swpebble.o)
 .text.menu_layer_get_selected_index
                0x0000000000000000        0xc /Users/kyle/pebble-dev/PebbleSDK-2.0-BETA7/Pebble/lib/libpebble.a(tmpW5b3swpebble.o)
 .text.menu_layer_set_selected_index
                0x0000000000000000        0xc /Users/kyle/pebble-dev/PebbleSDK-2.0-BETA7/Pebble/lib/libpebble.a(tmpW5b3swpebble.o)
 .text.menu_layer_set_selected_next
                0x0000000000000000        0xc /Users/kyle/pebble-dev/PebbleSDK-2.0-BETA7/Pebble/lib/libpebble.a(tmpW5b3swpebble.o)
 .text.number_window_create
                0x0000000000000000        0xc /Users/kyle/pebble-dev/PebbleSDK-2.0-BETA7/Pebble/lib/libpebble.a(tmpW5b3swpebble.o)
 .text.number_window_destroy
                0x0000000000000000        0xc /Users/kyle/pebble-dev/PebbleSDK-2.0-BETA7/Pebble/lib/libpebble.a(tmpW5b3swpebble.o)
 .text.number_window_get_value
                0x0000000000000000        0xc /Users/kyle/pebble-dev/PebbleSDK-2.0-BETA7/Pebble/lib/libpebble.a(tmpW5b3swpebble.o)
 .text.number_window_set_label
                0x0000000000000000        0xc /Users/kyle/pebble-dev/PebbleSDK-2.0-BETA7/Pebble/lib/libpebble.a(tmpW5b3swpebble.o)
 .text.number_window_set_max
                0x0000000000000000        0xc /Users/kyle/pebble-dev/PebbleSDK-2.0-BETA7/Pebble/lib/libpebble.a(tmpW5b3swpebble.o)
 .text.number_window_set_min
                0x0000000000000000        0xc /Users/kyle/pebble-dev/PebbleSDK-2.0-BETA7/Pebble/lib/libpebble.a(tmpW5b3swpebble.o)
 .text.number_window_set_step_size
                0x0000000000000000        0xc /Users/kyle/pebble-dev/PebbleSDK-2.0-BETA7/Pebble/lib/libpebble.a(tmpW5b3swpebble.o)
 .text.number_window_set_value
                0x0000000000000000        0xc /Users/kyle/pebble-dev/PebbleSDK-2.0-BETA7/Pebble/lib/libpebble.a(tmpW5b3swpebble.o)
 .text.persist_delete
                0x0000000000000000        0xc /Users/kyle/pebble-dev/PebbleSDK-2.0-BETA7/Pebble/lib/libpebble.a(tmpW5b3swpebble.o)
 .text.persist_exists
                0x0000000000000000        0xc /Users/kyle/pebble-dev/PebbleSDK-2.0-BETA7/Pebble/lib/libpebble.a(tmpW5b3swpebble.o)
 .text.persist_get_size
                0x0000000000000000        0xc /Users/kyle/pebble-dev/PebbleSDK-2.0-BETA7/Pebble/lib/libpebble.a(tmpW5b3swpebble.o)
 .text.persist_read_bool
                0x0000000000000000        0xc /Users/kyle/pebble-dev/PebbleSDK-2.0-BETA7/Pebble/lib/libpebble.a(tmpW5b3swpebble.o)
 .text.persist_read_data__deprecated
                0x0000000000000000        0xc /Users/kyle/pebble-dev/PebbleSDK-2.0-BETA7/Pebble/lib/libpebble.a(tmpW5b3swpebble.o)
 .text.persist_read_int
                0x0000000000000000        0xc /Users/kyle/pebble-dev/PebbleSDK-2.0-BETA7/Pebble/lib/libpebble.a(tmpW5b3swpebble.o)
 .text.persist_read_string__deprecated
                0x0000000000000000        0xc /Users/kyle/pebble-dev/PebbleSDK-2.0-BETA7/Pebble/lib/libpebble.a(tmpW5b3swpebble.o)
 .text.persist_write_bool
                0x0000000000000000        0xc /Users/kyle/pebble-dev/PebbleSDK-2.0-BETA7/Pebble/lib/libpebble.a(tmpW5b3swpebble.o)
 .text.persist_write_data__deprecated
                0x0000000000000000        0xc /Users/kyle/pebble-dev/PebbleSDK-2.0-BETA7/Pebble/lib/libpebble.a(tmpW5b3swpebble.o)
 .text.persist_write_int
                0x0000000000000000        0xc /Users/kyle/pebble-dev/PebbleSDK-2.0-BETA7/Pebble/lib/libpebble.a(tmpW5b3swpebble.o)
 .text.property_animation_create
                0x0000000000000000        0xc /Users/kyle/pebble-dev/PebbleSDK-2.0-BETA7/Pebble/lib/libpebble.a(tmpW5b3swpebble.o)
 .text.property_animation_create_layer_frame
                0x0000000000000000        0xc /Users/kyle/pebble-dev/PebbleSDK-2.0-BETA7/Pebble/lib/libpebble.a(tmpW5b3swpebble.o)
 .text.property_animation_destroy
                0x0000000000000000        0xc /Users/kyle/pebble-dev/PebbleSDK-2.0-BETA7/Pebble/lib/libpebble.a(tmpW5b3swpebble.o)
 .text.property_animation_update_gpoint
                0x0000000000000000        0xc /Users/kyle/pebble-dev/PebbleSDK-2.0-BETA7/Pebble/lib/libpebble.a(tmpW5b3swpebble.o)
 .text.property_animation_update_grect
                0x0000000000000000        0xc /Users/kyle/pebble-dev/PebbleSDK-2.0-BETA7/Pebble/lib/libpebble.a(tmpW5b3swpebble.o)
 .text.property_animation_update_int16
                0x0000000000000000        0xc /Users/kyle/pebble-dev/PebbleSDK-2.0-BETA7/Pebble/lib/libpebble.a(tmpW5b3swpebble.o)
 .text.psleep   0x0000000000000000        0xc /Users/kyle/pebble-dev/PebbleSDK-2.0-BETA7/Pebble/lib/libpebble.a(tmpW5b3swpebble.o)
 .text.rand     0x0000000000000000        0xc /Users/kyle/pebble-dev/PebbleSDK-2.0-BETA7/Pebble/lib/libpebble.a(tmpW5b3swpebble.o)
 .text.resource_get_handle
                0x0000000000000000        0xc /Users/kyle/pebble-dev/PebbleSDK-2.0-BETA7/Pebble/lib/libpebble.a(tmpW5b3swpebble.o)
 .text.resource_load
                0x0000000000000000        0xc /Users/kyle/pebble-dev/PebbleSDK-2.0-BETA7/Pebble/lib/libpebble.a(tmpW5b3swpebble.o)
 .text.resource_load_byte_range
                0x0000000000000000        0xc /Users/kyle/pebble-dev/PebbleSDK-2.0-BETA7/Pebble/lib/libpebble.a(tmpW5b3swpebble.o)
 .text.resource_size
                0x0000000000000000        0xc /Users/kyle/pebble-dev/PebbleSDK-2.0-BETA7/Pebble/lib/libpebble.a(tmpW5b3swpebble.o)
 .text.rot_bitmap_layer_create
                0x0000000000000000        0xc /Users/kyle/pebble-dev/PebbleSDK-2.0-BETA7/Pebble/lib/libpebble.a(tmpW5b3swpebble.o)
 .text.rot_bitmap_layer_destroy
                0x0000000000000000        0xc /Users/kyle/pebble-dev/PebbleSDK-2.0-BETA7/Pebble/lib/libpebble.a(tmpW5b3swpebble.o)
 .text.rot_bitmap_layer_increment_angle
                0x0000000000000000        0xc /Users/kyle/pebble-dev/PebbleSDK-2.0-BETA7/Pebble/lib/libpebble.a(tmpW5b3swpebble.o)
 .text.rot_bitmap_layer_set_angle
                0x0000000000000000        0xc /Users/kyle/pebble-dev/PebbleSDK-2.0-BETA7/Pebble/lib/libpebble.a(tmpW5b3swpebble.o)
 .text.rot_bitmap_layer_set_corner_clip_color
                0x0000000000000000        0xc /Users/kyle/pebble-dev/PebbleSDK-2.0-BETA7/Pebble/lib/libpebble.a(tmpW5b3swpebble.o)
 .text.rot_bitmap_set_compositing_mode
                0x0000000000000000        0xc /Users/kyle/pebble-dev/PebbleSDK-2.0-BETA7/Pebble/lib/libpebble.a(tmpW5b3swpebble.o)
 .text.rot_bitmap_set_src_ic
                0x0000000000000000        0xc /Users/kyle/pebble-dev/PebbleSDK-2.0-BETA7/Pebble/lib/libpebble.a(tmpW5b3swpebble.o)
 .text.scroll_layer_add_child
                0x0000000000000000        0xc /Users/kyle/pebble-dev/PebbleSDK-2.0-BETA7/Pebble/lib/libpebble.a(tmpW5b3swpebble.o)
 .text.scroll_layer_create
                0x0000000000000000        0xc /Users/kyle/pebble-dev/PebbleSDK-2.0-BETA7/Pebble/lib/libpebble.a(tmpW5b3swpebble.o)
 .text.scroll_layer_destroy
                0x0000000000000000        0xc /Users/kyle/pebble-dev/PebbleSDK-2.0-BETA7/Pebble/lib/libpebble.a(tmpW5b3swpebble.o)
 .text.scroll_layer_get_content_offset
                0x0000000000000000        0xc /Users/kyle/pebble-dev/PebbleSDK-2.0-BETA7/Pebble/lib/libpebble.a(tmpW5b3swpebble.o)
 .text.scroll_layer_get_content_size
                0x0000000000000000        0xc /Users/kyle/pebble-dev/PebbleSDK-2.0-BETA7/Pebble/lib/libpebble.a(tmpW5b3swpebble.o)
 .text.scroll_layer_get_layer
                0x0000000000000000        0xc /Users/kyle/pebble-dev/PebbleSDK-2.0-BETA7/Pebble/lib/libpebble.a(tmpW5b3swpebble.o)
 .text.scroll_layer_get_shadow_hidden
                0x0000000000000000        0xc /Users/kyle/pebble-dev/PebbleSDK-2.0-BETA7/Pebble/lib/libpebble.a(tmpW5b3swpebble.o)
 .text.scroll_layer_scroll_down_click_handler
                0x0000000000000000        0xc /Users/kyle/pebble-dev/PebbleSDK-2.0-BETA7/Pebble/lib/libpebble.a(tmpW5b3swpebble.o)
 .text.scroll_layer_scroll_up_click_handler
                0x0000000000000000        0xc /Users/kyle/pebble-dev/PebbleSDK-2.0-BETA7/Pebble/lib/libpebble.a(tmpW5b3swpebble.o)
 .text.scroll_layer_set_callbacks
                0x0000000000000000        0xc /Users/kyle/pebble-dev/PebbleSDK-2.0-BETA7/Pebble/lib/libpebble.a(tmpW5b3swpebble.o)
 .text.scroll_layer_set_click_config_onto_window
                0x0000000000000000        0xc /Users/kyle/pebble-dev/PebbleSDK-2.0-BETA7/Pebble/lib/libpebble.a(tmpW5b3swpebble.o)
 .text.scroll_layer_set_content_offset
                0x0000000000000000        0xc /Users/kyle/pebble-dev/PebbleSDK-2.0-BETA7/Pebble/lib/libpebble.a(tmpW5b3swpebble.o)
 .text.scroll_layer_set_content_size
                0x0000000000000000        0xc /Users/kyle/pebble-dev/PebbleSDK-2.0-BETA7/Pebble/lib/libpebble.a(tmpW5b3swpebble.o)
 .text.scroll_layer_set_context
                0x0000000000000000        0xc /Users/kyle/pebble-dev/PebbleSDK-2.0-BETA7/Pebble/lib/libpebble.a(tmpW5b3swpebble.o)
 .text.scroll_layer_set_frame
                0x0000000000000000        0xc /Users/kyle/pebble-dev/PebbleSDK-2.0-BETA7/Pebble/lib/libpebble.a(tmpW5b3swpebble.o)
 .text.scroll_layer_set_shadow_hidden
                0x0000000000000000        0xc /Users/kyle/pebble-dev/PebbleSDK-2.0-BETA7/Pebble/lib/libpebble.a(tmpW5b3swpebble.o)
 .text.simple_menu_layer_create
                0x0000000000000000        0xc /Users/kyle/pebble-dev/PebbleSDK-2.0-BETA7/Pebble/lib/libpebble.a(tmpW5b3swpebble.o)
 .text.simple_menu_layer_destroy
                0x0000000000000000        0xc /Users/kyle/pebble-dev/PebbleSDK-2.0-BETA7/Pebble/lib/libpebble.a(tmpW5b3swpebble.o)
 .text.simple_menu_layer_get_layer
                0x0000000000000000        0xc /Users/kyle/pebble-dev/PebbleSDK-2.0-BETA7/Pebble/lib/libpebble.a(tmpW5b3swpebble.o)
 .text.simple_menu_layer_get_selected_index
                0x0000000000000000        0xc /Users/kyle/pebble-dev/PebbleSDK-2.0-BETA7/Pebble/lib/libpebble.a(tmpW5b3swpebble.o)
 .text.simple_menu_layer_set_selected_index
                0x0000000000000000        0xc /Users/kyle/pebble-dev/PebbleSDK-2.0-BETA7/Pebble/lib/libpebble.a(tmpW5b3swpebble.o)
 .text.sin_lookup
                0x0000000000000000        0xc /Users/kyle/pebble-dev/PebbleSDK-2.0-BETA7/Pebble/lib/libpebble.a(tmpW5b3swpebble.o)
 .text.snprintf
                0x0000000000000000        0xc /Users/kyle/pebble-dev/PebbleSDK-2.0-BETA7/Pebble/lib/libpebble.a(tmpW5b3swpebble.o)
 .text.srand    0x0000000000000000        0xc /Users/kyle/pebble-dev/PebbleSDK-2.0-BETA7/Pebble/lib/libpebble.a(tmpW5b3swpebble.o)
 .text.strcat   0x0000000000000000        0xc /Users/kyle/pebble-dev/PebbleSDK-2.0-BETA7/Pebble/lib/libpebble.a(tmpW5b3swpebble.o)
 .text.strftime
                0x0000000000000000        0xc /Users/kyle/pebble-dev/PebbleSDK-2.0-BETA7/Pebble/lib/libpebble.a(tmpW5b3swpebble.o)
 .text.strncat  0x0000000000000000        0xc /Users/kyle/pebble-dev/PebbleSDK-2.0-BETA7/Pebble/lib/libpebble.a(tmpW5b3swpebble.o)
 .text.strncmp  0x0000000000000000        0xc /Users/kyle/pebble-dev/PebbleSDK-2.0-BETA7/Pebble/lib/libpebble.a(tmpW5b3swpebble.o)
 .text.strncpy  0x0000000000000000        0xc /Users/kyle/pebble-dev/PebbleSDK-2.0-BETA7/Pebble/lib/libpebble.a(tmpW5b3swpebble.o)
 .text.text_layer_create
                0x0000000000000000        0xc /Users/kyle/pebble-dev/PebbleSDK-2.0-BETA7/Pebble/lib/libpebble.a(tmpW5b3swpebble.o)
 .text.text_layer_get_content_size
                0x0000000000000000        0xc /Users/kyle/pebble-dev/PebbleSDK-2.0-BETA7/Pebble/lib/libpebble.a(tmpW5b3swpebble.o)
 .text.text_layer_get_layer
                0x0000000000000000        0xc /Users/kyle/pebble-dev/PebbleSDK-2.0-BETA7/Pebble/lib/libpebble.a(tmpW5b3swpebble.o)
 .text.text_layer_get_text
                0x0000000000000000        0xc /Users/kyle/pebble-dev/PebbleSDK-2.0-BETA7/Pebble/lib/libpebble.a(tmpW5b3swpebble.o)
 .text.text_layer_set_background_color
                0x0000000000000000        0xc /Users/kyle/pebble-dev/PebbleSDK-2.0-BETA7/Pebble/lib/libpebble.a(tmpW5b3swpebble.o)
 .text.text_layer_set_font
                0x0000000000000000        0xc /Users/kyle/pebble-dev/PebbleSDK-2.0-BETA7/Pebble/lib/libpebble.a(tmpW5b3swpebble.o)
 .text.text_layer_set_overflow_mode
                0x0000000000000000        0xc /Users/kyle/pebble-dev/PebbleSDK-2.0-BETA7/Pebble/lib/libpebble.a(tmpW5b3swpebble.o)
 .text.text_layer_set_size
                0x0000000000000000        0xc /Users/kyle/pebble-dev/PebbleSDK-2.0-BETA7/Pebble/lib/libpebble.a(tmpW5b3swpebble.o)
 .text.text_layer_set_text
                0x0000000000000000        0xc /Users/kyle/pebble-dev/PebbleSDK-2.0-BETA7/Pebble/lib/libpebble.a(tmpW5b3swpebble.o)
 .text.text_layer_set_text_alignment
                0x0000000000000000        0xc /Users/kyle/pebble-dev/PebbleSDK-2.0-BETA7/Pebble/lib/libpebble.a(tmpW5b3swpebble.o)
 .text.text_layer_set_text_color
                0x0000000000000000        0xc /Users/kyle/pebble-dev/PebbleSDK-2.0-BETA7/Pebble/lib/libpebble.a(tmpW5b3swpebble.o)
 .text.tick_timer_service_subscribe
                0x0000000000000000        0xc /Users/kyle/pebble-dev/PebbleSDK-2.0-BETA7/Pebble/lib/libpebble.a(tmpW5b3swpebble.o)
 .text.tick_timer_service_unsubscribe
                0x0000000000000000        0xc /Users/kyle/pebble-dev/PebbleSDK-2.0-BETA7/Pebble/lib/libpebble.a(tmpW5b3swpebble.o)
 .text.time     0x0000000000000000        0xc /Users/kyle/pebble-dev/PebbleSDK-2.0-BETA7/Pebble/lib/libpebble.a(tmpW5b3swpebble.o)
 .text.time_ms  0x0000000000000000        0xc /Users/kyle/pebble-dev/PebbleSDK-2.0-BETA7/Pebble/lib/libpebble.a(tmpW5b3swpebble.o)
 .text.vibes_cancel
                0x0000000000000000        0xc /Users/kyle/pebble-dev/PebbleSDK-2.0-BETA7/Pebble/lib/libpebble.a(tmpW5b3swpebble.o)
 .text.vibes_double_pulse
                0x0000000000000000        0xc /Users/kyle/pebble-dev/PebbleSDK-2.0-BETA7/Pebble/lib/libpebble.a(tmpW5b3swpebble.o)
 .text.vibes_enqueue_custom_pattern
                0x0000000000000000        0xc /Users/kyle/pebble-dev/PebbleSDK-2.0-BETA7/Pebble/lib/libpebble.a(tmpW5b3swpebble.o)
 .text.vibes_long_pulse
                0x0000000000000000        0xc /Users/kyle/pebble-dev/PebbleSDK-2.0-BETA7/Pebble/lib/libpebble.a(tmpW5b3swpebble.o)
 .text.vibes_short_pulse
                0x0000000000000000        0xc /Users/kyle/pebble-dev/PebbleSDK-2.0-BETA7/Pebble/lib/libpebble.a(tmpW5b3swpebble.o)
 .text.window_get_click_config_provider
                0x0000000000000000        0xc /Users/kyle/pebble-dev/PebbleSDK-2.0-BETA7/Pebble/lib/libpebble.a(tmpW5b3swpebble.o)
 .text.window_get_fullscreen
                0x0000000000000000        0xc /Users/kyle/pebble-dev/PebbleSDK-2.0-BETA7/Pebble/lib/libpebble.a(tmpW5b3swpebble.o)
 .text.window_is_loaded
                0x0000000000000000        0xc /Users/kyle/pebble-dev/PebbleSDK-2.0-BETA7/Pebble/lib/libpebble.a(tmpW5b3swpebble.o)
 .text.window_set_background_color
                0x0000000000000000        0xc /Users/kyle/pebble-dev/PebbleSDK-2.0-BETA7/Pebble/lib/libpebble.a(tmpW5b3swpebble.o)
 .text.window_set_click_config_provider
                0x0000000000000000        0xc /Users/kyle/pebble-dev/PebbleSDK-2.0-BETA7/Pebble/lib/libpebble.a(tmpW5b3swpebble.o)
 .text.window_set_click_config_provider_with_context
                0x0000000000000000        0xc /Users/kyle/pebble-dev/PebbleSDK-2.0-BETA7/Pebble/lib/libpebble.a(tmpW5b3swpebble.o)
 .text.window_set_fullscreen
                0x0000000000000000        0xc /Users/kyle/pebble-dev/PebbleSDK-2.0-BETA7/Pebble/lib/libpebble.a(tmpW5b3swpebble.o)
 .text.window_set_status_bar_icon
                0x0000000000000000        0xc /Users/kyle/pebble-dev/PebbleSDK-2.0-BETA7/Pebble/lib/libpebble.a(tmpW5b3swpebble.o)
 .text.window_stack_contains_window
                0x0000000000000000        0xc /Users/kyle/pebble-dev/PebbleSDK-2.0-BETA7/Pebble/lib/libpebble.a(tmpW5b3swpebble.o)
 .text.window_stack_get_top_window
                0x0000000000000000        0xc /Users/kyle/pebble-dev/PebbleSDK-2.0-BETA7/Pebble/lib/libpebble.a(tmpW5b3swpebble.o)
 .text.window_stack_pop
                0x0000000000000000        0xc /Users/kyle/pebble-dev/PebbleSDK-2.0-BETA7/Pebble/lib/libpebble.a(tmpW5b3swpebble.o)
 .text.window_stack_pop_all
                0x0000000000000000        0xc /Users/kyle/pebble-dev/PebbleSDK-2.0-BETA7/Pebble/lib/libpebble.a(tmpW5b3swpebble.o)
 .text.window_stack_remove
                0x0000000000000000        0xc /Users/kyle/pebble-dev/PebbleSDK-2.0-BETA7/Pebble/lib/libpebble.a(tmpW5b3swpebble.o)
 .text.app_focus_service_subscribe
                0x0000000000000000        0xc /Users/kyle/pebble-dev/PebbleSDK-2.0-BETA7/Pebble/lib/libpebble.a(tmpW5b3swpebble.o)
 .text.app_focus_service_unsubscribe
                0x0000000000000000        0xc /Users/kyle/pebble-dev/PebbleSDK-2.0-BETA7/Pebble/lib/libpebble.a(tmpW5b3swpebble.o)
 .text.window_get_user_data
                0x0000000000000000        0xc /Users/kyle/pebble-dev/PebbleSDK-2.0-BETA7/Pebble/lib/libpebble.a(tmpW5b3swpebble.o)
 .text.window_set_user_data
                0x0000000000000000        0xc /Users/kyle/pebble-dev/PebbleSDK-2.0-BETA7/Pebble/lib/libpebble.a(tmpW5b3swpebble.o)
 .text.app_message_get_context
                0x0000000000000000        0xc /Users/kyle/pebble-dev/PebbleSDK-2.0-BETA7/Pebble/lib/libpebble.a(tmpW5b3swpebble.o)
 .text.app_message_register_inbox_dropped
                0x0000000000000000        0xc /Users/kyle/pebble-dev/PebbleSDK-2.0-BETA7/Pebble/lib/libpebble.a(tmpW5b3swpebble.o)
 .text.app_message_register_inbox_received
                0x0000000000000000        0xc /Users/kyle/pebble-dev/PebbleSDK-2.0-BETA7/Pebble/lib/libpebble.a(tmpW5b3swpebble.o)
 .text.app_message_register_outbox_failed
                0x0000000000000000        0xc /Users/kyle/pebble-dev/PebbleSDK-2.0-BETA7/Pebble/lib/libpebble.a(tmpW5b3swpebble.o)
 .text.app_message_register_outbox_sent
                0x0000000000000000        0xc /Users/kyle/pebble-dev/PebbleSDK-2.0-BETA7/Pebble/lib/libpebble.a(tmpW5b3swpebble.o)
 .text.app_message_set_context
                0x0000000000000000        0xc /Users/kyle/pebble-dev/PebbleSDK-2.0-BETA7/Pebble/lib/libpebble.a(tmpW5b3swpebble.o)
 .text.window_long_click_subscribe
                0x0000000000000000        0xc /Users/kyle/pebble-dev/PebbleSDK-2.0-BETA7/Pebble/lib/libpebble.a(tmpW5b3swpebble.o)
 .text.window_multi_click_subscribe
                0x0000000000000000        0xc /Users/kyle/pebble-dev/PebbleSDK-2.0-BETA7/Pebble/lib/libpebble.a(tmpW5b3swpebble.o)
 .text.window_raw_click_subscribe
                0x0000000000000000        0xc /Users/kyle/pebble-dev/PebbleSDK-2.0-BETA7/Pebble/lib/libpebble.a(tmpW5b3swpebble.o)
 .text.window_set_click_context
                0x0000000000000000        0xc /Users/kyle/pebble-dev/PebbleSDK-2.0-BETA7/Pebble/lib/libpebble.a(tmpW5b3swpebble.o)
 .text.window_single_click_subscribe
                0x0000000000000000        0xc /Users/kyle/pebble-dev/PebbleSDK-2.0-BETA7/Pebble/lib/libpebble.a(tmpW5b3swpebble.o)
 .text.window_single_repeating_click_subscribe
                0x0000000000000000        0xc /Users/kyle/pebble-dev/PebbleSDK-2.0-BETA7/Pebble/lib/libpebble.a(tmpW5b3swpebble.o)
 .text.graphics_draw_text
                0x0000000000000000        0xc /Users/kyle/pebble-dev/PebbleSDK-2.0-BETA7/Pebble/lib/libpebble.a(tmpW5b3swpebble.o)
 .text.dict_serialize_tuplets_to_buffer
                0x0000000000000000        0xc /Users/kyle/pebble-dev/PebbleSDK-2.0-BETA7/Pebble/lib/libpebble.a(tmpW5b3swpebble.o)
 .text.persist_read_data
                0x0000000000000000        0xc /Users/kyle/pebble-dev/PebbleSDK-2.0-BETA7/Pebble/lib/libpebble.a(tmpW5b3swpebble.o)
 .text.persist_write_data
                0x0000000000000000        0xc /Users/kyle/pebble-dev/PebbleSDK-2.0-BETA7/Pebble/lib/libpebble.a(tmpW5b3swpebble.o)
 .text.dict_size
                0x0000000000000000        0xc /Users/kyle/pebble-dev/PebbleSDK-2.0-BETA7/Pebble/lib/libpebble.a(tmpW5b3swpebble.o)
 .text.graphics_text_layout_get_content_size
                0x0000000000000000        0xc /Users/kyle/pebble-dev/PebbleSDK-2.0-BETA7/Pebble/lib/libpebble.a(tmpW5b3swpebble.o)
 .text.simple_menu_layer_get_menu_layer
                0x0000000000000000        0xc /Users/kyle/pebble-dev/PebbleSDK-2.0-BETA7/Pebble/lib/libpebble.a(tmpW5b3swpebble.o)
 .text.accel_data_service_subscribe
                0x0000000000000000        0xc /Users/kyle/pebble-dev/PebbleSDK-2.0-BETA7/Pebble/lib/libpebble.a(tmpW5b3swpebble.o)
 .text.calloc   0x0000000000000000        0xc /Users/kyle/pebble-dev/PebbleSDK-2.0-BETA7/Pebble/lib/libpebble.a(tmpW5b3swpebble.o)
 .text.bitmap_layer_get_bitmap
                0x0000000000000000        0xc /Users/kyle/pebble-dev/PebbleSDK-2.0-BETA7/Pebble/lib/libpebble.a(tmpW5b3swpebble.o)
 .text          0x0000000000000000        0x0 /Users/kyle/pebble-dev/PebbleSDK-2.0-BETA7/arm-cs-tools/bin/../lib/gcc/arm-none-eabi/4.7.2/thumb2/crtend.o
 .bss           0x0000000000000000        0x0 /Users/kyle/pebble-dev/PebbleSDK-2.0-BETA7/arm-cs-tools/bin/../lib/gcc/arm-none-eabi/4.7.2/thumb2/crtend.o
 .eh_frame      0x0000000000000000        0x4 /Users/kyle/pebble-dev/PebbleSDK-2.0-BETA7/arm-cs-tools/bin/../lib/gcc/arm-none-eabi/4.7.2/thumb2/crtend.o
 .jcr           0x0000000000000000        0x4 /Users/kyle/pebble-dev/PebbleSDK-2.0-BETA7/arm-cs-tools/bin/../lib/gcc/arm-none-eabi/4.7.2/thumb2/crtend.o
 .tm_clone_table
                0x0000000000000000        0x0 /Users/kyle/pebble-dev/PebbleSDK-2.0-BETA7/arm-cs-tools/bin/../lib/gcc/arm-none-eabi/4.7.2/thumb2/crtend.o
 .text          0x0000000000000000        0x0 /Users/kyle/pebble-dev/PebbleSDK-2.0-BETA7/arm-cs-tools/bin/../lib/gcc/arm-none-eabi/4.7.2/thumb2/crtn.o
 .bss           0x0000000000000000        0x0 /Users/kyle/pebble-dev/PebbleSDK-2.0-BETA7/arm-cs-tools/bin/../lib/gcc/arm-none-eabi/4.7.2/thumb2/crtn.o
 .init          0x0000000000000000        0x8 /Users/kyle/pebble-dev/PebbleSDK-2.0-BETA7/arm-cs-tools/bin/../lib/gcc/arm-none-eabi/4.7.2/thumb2/crtn.o
 .fini          0x0000000000000000        0x8 /Users/kyle/pebble-dev/PebbleSDK-2.0-BETA7/arm-cs-tools/bin/../lib/gcc/arm-none-eabi/4.7.2/thumb2/crtn.o

Memory Configuration

Name             Origin             Length             Attributes
APP              0x0000000000000000 0x0000000000006000 xrw
*default*        0x0000000000000000 0xffffffffffffffff

Linker script and memory map

LOAD /Users/kyle/pebble-dev/PebbleSDK-2.0-BETA7/arm-cs-tools/bin/../lib/gcc/arm-none-eabi/4.7.2/thumb2/crti.o
LOAD /Users/kyle/pebble-dev/PebbleSDK-2.0-BETA7/arm-cs-tools/bin/../lib/gcc/arm-none-eabi/4.7.2/thumb2/crtbegin.o
LOAD src/filter.c.7.o
LOAD src/filter_project.c.7.o
LOAD src/filter_project_display.c.7.o
LOAD src/pebbletodoTxt.c.7.o
LOAD appinfo.auto.c.7.o
LOAD /Users/kyle/pebble-dev/PebbleSDK-2.0-BETA7/Pebble/lib/libpebble.a
START GROUP
LOAD /Users/kyle/pebble-dev/PebbleSDK-2.0-BETA7/arm-cs-tools/bin/../lib/gcc/arm-none-eabi/4.7.2/thumb2/libgcc.a
LOAD /Users/kyle/pebble-dev/PebbleSDK-2.0-BETA7/arm-cs-tools/bin/../lib/gcc/arm-none-eabi/4.7.2/../../../../arm-none-eabi/lib/thumb2/libc.a
END GROUP
LOAD /Users/kyle/pebble-dev/PebbleSDK-2.0-BETA7/arm-cs-tools/bin/../lib/gcc/arm-none-eabi/4.7.2/thumb2/crtend.o
LOAD /Users/kyle/pebble-dev/PebbleSDK-2.0-BETA7/arm-cs-tools/bin/../lib/gcc/arm-none-eabi/4.7.2/thumb2/crtn.o

.header         0x0000000000000000       0x82
 *(.pbl_header)
 .pbl_header    0x0000000000000000       0x82 appinfo.auto.c.7.o
                0x0000000000000000                __pbl_app_info

.text           0x0000000000000084     0x114e
 *(.text)
 .text          0x0000000000000084       0x14 /Users/kyle/pebble-dev/PebbleSDK-2.0-BETA7/Pebble/lib/libpebble.a(tmpW5b3swpebble.o)
 *(.text.*)
 .text.get_num_rows_callback
                0x0000000000000098        0x4 src/filter.c.7.o
 .text.select_long_callback
                0x000000000000009c        0x2 src/filter.c.7.o
 .text.get_cell_height_callback
                0x000000000000009e        0x4 src/filter.c.7.o
 .text.window_unload
                0x00000000000000a2        0x2 src/filter.c.7.o
 .text.window_load
                0x00000000000000a4       0xa8 src/filter.c.7.o
 .text.select_callback
                0x000000000000014c       0x38 src/filter.c.7.o
 .text.draw_row_callback
                0x0000000000000184       0x3c src/filter.c.7.o
 .text.filter_init
                0x00000000000001c0       0x50 src/filter.c.7.o
                0x00000000000001c0                filter_init
 .text.get_num_rows_callback
                0x0000000000000210        0x4 src/filter_project.c.7.o
 .text.select_long_callback
                0x0000000000000214        0x2 src/filter_project.c.7.o
 .text.get_cell_height_callback
                0x0000000000000216        0x4 src/filter_project.c.7.o
 *fill*         0x000000000000021a        0x2 
 .text.window_unload
                0x000000000000021c       0x4c src/filter_project.c.7.o
 .text.timerCallBack
                0x0000000000000268       0x10 src/filter_project.c.7.o
                0x0000000000000268                timerCallBack
 .text.select_callback
                0x0000000000000278        0x6 src/filter_project.c.7.o
 *fill*         0x000000000000027e        0x2 
 .text.getList  0x0000000000000280       0x50 src/filter_project.c.7.o
                0x0000000000000280                getList
 .text.window_load
                0x00000000000002d0       0xdc src/filter_project.c.7.o
 .text.draw_row_callback
                0x00000000000003ac       0x30 src/filter_project.c.7.o
 .text.filter_project_init
                0x00000000000003dc       0x5c src/filter_project.c.7.o
                0x00000000000003dc                filter_project_init
 .text.get_num_rows_callback
                0x0000000000000438        0x4 src/filter_project_display.c.7.o
 .text.select_callback
                0x000000000000043c        0x2 src/filter_project_display.c.7.o
 .text.select_long_callback
                0x000000000000043e        0x2 src/filter_project_display.c.7.o
 .text.get_cell_height_callback
                0x0000000000000440        0x4 src/filter_project_display.c.7.o
 .text.window_unload
                0x0000000000000444       0x3c src/filter_project_display.c.7.o
 .text.window_load
                0x0000000000000480       0xa8 src/filter_project_display.c.7.o
 .text.draw_row_callback
                0x0000000000000528       0x24 src/filter_project_display.c.7.o
 .text.getListOfTasks
                0x000000000000054c       0x90 src/filter_project_display.c.7.o
                0x000000000000054c                getListOfTasks
 .text.filter_project_display_init
                0x00000000000005dc       0x70 src/filter_project_display.c.7.o
                0x00000000000005dc                filter_project_display_init
 .text.get_num_rows_callback
                0x000000000000064c        0x4 src/pebbletodoTxt.c.7.o
 .text.select_long_callback
                0x0000000000000650        0x2 src/pebbletodoTxt.c.7.o
 .text.get_cell_height_callback
                0x0000000000000652        0x4 src/pebbletodoTxt.c.7.o
 *fill*         0x0000000000000656        0x2 
 .text.sync_error_callback
                0x0000000000000658       0x20 src/pebbletodoTxt.c.7.o
 .text.window_unload
                0x0000000000000678       0x20 src/pebbletodoTxt.c.7.o
 .text.window_load
                0x0000000000000698      0x2c4 src/pebbletodoTxt.c.7.o
 .text.sync_tuple_changed_callback
                0x000000000000095c      0x450 src/pebbletodoTxt.c.7.o
 .text.select_callback
                0x0000000000000dac        0x4 src/pebbletodoTxt.c.7.o
 .text.draw_row_callback
                0x0000000000000db0       0x24 src/pebbletodoTxt.c.7.o
 .text.getData  0x0000000000000dd4       0x38 src/pebbletodoTxt.c.7.o
                0x0000000000000dd4                getData
 .text.startup.main
                0x0000000000000e0c       0xf0 src/pebbletodoTxt.c.7.o
                0x0000000000000e0c                main
 .text.app_comm_set_sniff_interval
                0x0000000000000efc        0xc /Users/kyle/pebble-dev/PebbleSDK-2.0-BETA7/Pebble/lib/libpebble.a(tmpW5b3swpebble.o)
                0x0000000000000efc                app_comm_set_sniff_interval
 .text.app_event_loop
                0x0000000000000f08        0xc /Users/kyle/pebble-dev/PebbleSDK-2.0-BETA7/Pebble/lib/libpebble.a(tmpW5b3swpebble.o)
                0x0000000000000f08                app_event_loop
 .text.app_log  0x0000000000000f14        0xc /Users/kyle/pebble-dev/PebbleSDK-2.0-BETA7/Pebble/lib/libpebble.a(tmpW5b3swpebble.o)
                0x0000000000000f14                app_log
 .text.app_message_open
                0x0000000000000f20        0xc /Users/kyle/pebble-dev/PebbleSDK-2.0-BETA7/Pebble/lib/libpebble.a(tmpW5b3swpebble.o)
                0x0000000000000f20                app_message_open
 .text.app_sync_deinit
                0x0000000000000f2c        0xc /Users/kyle/pebble-dev/PebbleSDK-2.0-BETA7/Pebble/lib/libpebble.a(tmpW5b3swpebble.o)
                0x0000000000000f2c                app_sync_deinit
 .text.app_sync_init
                0x0000000000000f38        0xc /Users/kyle/pebble-dev/PebbleSDK-2.0-BETA7/Pebble/lib/libpebble.a(tmpW5b3swpebble.o)
                0x0000000000000f38                app_sync_init
 .text.app_timer_register
                0x0000000000000f44        0xc /Users/kyle/pebble-dev/PebbleSDK-2.0-BETA7/Pebble/lib/libpebble.a(tmpW5b3swpebble.o)
                0x0000000000000f44                app_timer_register
 .text.dict_write_tuplet
                0x0000000000000f50        0xc /Users/kyle/pebble-dev/PebbleSDK-2.0-BETA7/Pebble/lib/libpebble.a(tmpW5b3swpebble.o)
                0x0000000000000f50                dict_write_tuplet
 .text.layer_add_child
                0x0000000000000f5c        0xc /Users/kyle/pebble-dev/PebbleSDK-2.0-BETA7/Pebble/lib/libpebble.a(tmpW5b3swpebble.o)
                0x0000000000000f5c                layer_add_child
 .text.layer_get_frame
                0x0000000000000f68        0xc /Users/kyle/pebble-dev/PebbleSDK-2.0-BETA7/Pebble/lib/libpebble.a(tmpW5b3swpebble.o)
                0x0000000000000f68                layer_get_frame
 .text.memset   0x0000000000000f74        0xc /Users/kyle/pebble-dev/PebbleSDK-2.0-BETA7/Pebble/lib/libpebble.a(tmpW5b3swpebble.o)
                0x0000000000000f74                memset
 .text.menu_cell_basic_draw
                0x0000000000000f80        0xc /Users/kyle/pebble-dev/PebbleSDK-2.0-BETA7/Pebble/lib/libpebble.a(tmpW5b3swpebble.o)
                0x0000000000000f80                menu_cell_basic_draw
 .text.menu_layer_create
                0x0000000000000f8c        0xc /Users/kyle/pebble-dev/PebbleSDK-2.0-BETA7/Pebble/lib/libpebble.a(tmpW5b3swpebble.o)
                0x0000000000000f8c                menu_layer_create
 .text.menu_layer_destroy
                0x0000000000000f98        0xc /Users/kyle/pebble-dev/PebbleSDK-2.0-BETA7/Pebble/lib/libpebble.a(tmpW5b3swpebble.o)
                0x0000000000000f98                menu_layer_destroy
 .text.menu_layer_get_layer
                0x0000000000000fa4        0xc /Users/kyle/pebble-dev/PebbleSDK-2.0-BETA7/Pebble/lib/libpebble.a(tmpW5b3swpebble.o)
                0x0000000000000fa4                menu_layer_get_layer
 .text.menu_layer_reload_data
                0x0000000000000fb0        0xc /Users/kyle/pebble-dev/PebbleSDK-2.0-BETA7/Pebble/lib/libpebble.a(tmpW5b3swpebble.o)
                0x0000000000000fb0                menu_layer_reload_data
 .text.menu_layer_set_callbacks
                0x0000000000000fbc        0xc /Users/kyle/pebble-dev/PebbleSDK-2.0-BETA7/Pebble/lib/libpebble.a(tmpW5b3swpebble.o)
                0x0000000000000fbc                menu_layer_set_callbacks
 .text.menu_layer_set_click_config_onto_window
                0x0000000000000fc8        0xc /Users/kyle/pebble-dev/PebbleSDK-2.0-BETA7/Pebble/lib/libpebble.a(tmpW5b3swpebble.o)
                0x0000000000000fc8                menu_layer_set_click_config_onto_window
 .text.persist_write_string
                0x0000000000000fd4        0xc /Users/kyle/pebble-dev/PebbleSDK-2.0-BETA7/Pebble/lib/libpebble.a(tmpW5b3swpebble.o)
                0x0000000000000fd4                persist_write_string
 .text.strcmp   0x0000000000000fe0        0xc /Users/kyle/pebble-dev/PebbleSDK-2.0-BETA7/Pebble/lib/libpebble.a(tmpW5b3swpebble.o)
                0x0000000000000fe0                strcmp
 .text.strcpy   0x0000000000000fec        0xc /Users/kyle/pebble-dev/PebbleSDK-2.0-BETA7/Pebble/lib/libpebble.a(tmpW5b3swpebble.o)
                0x0000000000000fec                strcpy
 .text.strlen   0x0000000000000ff8        0xc /Users/kyle/pebble-dev/PebbleSDK-2.0-BETA7/Pebble/lib/libpebble.a(tmpW5b3swpebble.o)
                0x0000000000000ff8                strlen
 .text.text_layer_destroy
                0x0000000000001004        0xc /Users/kyle/pebble-dev/PebbleSDK-2.0-BETA7/Pebble/lib/libpebble.a(tmpW5b3swpebble.o)
                0x0000000000001004                text_layer_destroy
 .text.window_create
                0x0000000000001010        0xc /Users/kyle/pebble-dev/PebbleSDK-2.0-BETA7/Pebble/lib/libpebble.a(tmpW5b3swpebble.o)
                0x0000000000001010                window_create
 .text.window_destroy
                0x000000000000101c        0xc /Users/kyle/pebble-dev/PebbleSDK-2.0-BETA7/Pebble/lib/libpebble.a(tmpW5b3swpebble.o)
                0x000000000000101c                window_destroy
 .text.window_get_root_layer
                0x0000000000001028        0xc /Users/kyle/pebble-dev/PebbleSDK-2.0-BETA7/Pebble/lib/libpebble.a(tmpW5b3swpebble.o)
                0x0000000000001028                window_get_root_layer
 .text.window_set_window_handlers
                0x0000000000001034        0xc /Users/kyle/pebble-dev/PebbleSDK-2.0-BETA7/Pebble/lib/libpebble.a(tmpW5b3swpebble.o)
                0x0000000000001034                window_set_window_handlers
 .text.window_stack_push
                0x0000000000001040        0xc /Users/kyle/pebble-dev/PebbleSDK-2.0-BETA7/Pebble/lib/libpebble.a(tmpW5b3swpebble.o)
                0x0000000000001040                window_stack_push
 .text.app_message_inbox_size_maximum
                0x000000000000104c        0xc /Users/kyle/pebble-dev/PebbleSDK-2.0-BETA7/Pebble/lib/libpebble.a(tmpW5b3swpebble.o)
                0x000000000000104c                app_message_inbox_size_maximum
 .text.app_message_outbox_begin
                0x0000000000001058        0xc /Users/kyle/pebble-dev/PebbleSDK-2.0-BETA7/Pebble/lib/libpebble.a(tmpW5b3swpebble.o)
                0x0000000000001058                app_message_outbox_begin
 .text.app_message_outbox_send
                0x0000000000001064        0xc /Users/kyle/pebble-dev/PebbleSDK-2.0-BETA7/Pebble/lib/libpebble.a(tmpW5b3swpebble.o)
                0x0000000000001064                app_message_outbox_send
 .text.app_message_outbox_size_maximum
                0x0000000000001070        0xc /Users/kyle/pebble-dev/PebbleSDK-2.0-BETA7/Pebble/lib/libpebble.a(tmpW5b3swpebble.o)
                0x0000000000001070                app_message_outbox_size_maximum
 .text.persist_read_string
                0x000000000000107c        0xc /Users/kyle/pebble-dev/PebbleSDK-2.0-BETA7/Pebble/lib/libpebble.a(tmpW5b3swpebble.o)
                0x000000000000107c                persist_read_string
 *(.rodata)
 *(.rodata*)
 .rodata.str1.1
                0x0000000000001088       0x3f src/filter.c.7.o
 .rodata.str1.1
                0x00000000000010c7       0x21 src/filter_project.c.7.o
                                         0x22 (size before relaxing)
 .rodata.str1.1
                0x00000000000010e8       0x2f src/filter_project_display.c.7.o
 .rodata.str1.1
                0x0000000000001117       0xbb src/pebbletodoTxt.c.7.o

.glue_7         0x00000000000011d4        0x0
 .glue_7        0x0000000000000000        0x0 linker stubs

.glue_7t        0x00000000000011d4        0x0
 .glue_7t       0x0000000000000000        0x0 linker stubs

.vfp11_veneer   0x00000000000011d4        0x0
 .vfp11_veneer  0x0000000000000000        0x0 linker stubs

.v4_bx          0x00000000000011d4        0x0
 .v4_bx         0x0000000000000000        0x0 linker stubs

.iplt           0x00000000000011d4        0x0
 .iplt          0x0000000000000000        0x0 /Users/kyle/pebble-dev/PebbleSDK-2.0-BETA7/arm-cs-tools/bin/../lib/gcc/arm-none-eabi/4.7.2/thumb2/crtbegin.o

.rel.dyn        0x00000000000011d4        0x0
 .rel.iplt      0x0000000000000000        0x0 /Users/kyle/pebble-dev/PebbleSDK-2.0-BETA7/arm-cs-tools/bin/../lib/gcc/arm-none-eabi/4.7.2/thumb2/crtbegin.o
 .rel.got       0x0000000000000000        0x0 /Users/kyle/pebble-dev/PebbleSDK-2.0-BETA7/arm-cs-tools/bin/../lib/gcc/arm-none-eabi/4.7.2/thumb2/crtbegin.o

.data           0x00000000000011d4        0x4
 *(.data)
 .data          0x00000000000011d4        0x0 /Users/kyle/pebble-dev/PebbleSDK-2.0-BETA7/arm-cs-tools/bin/../lib/gcc/arm-none-eabi/4.7.2/thumb2/crti.o
 .data          0x00000000000011d4        0x4 /Users/kyle/pebble-dev/PebbleSDK-2.0-BETA7/arm-cs-tools/bin/../lib/gcc/arm-none-eabi/4.7.2/thumb2/crtbegin.o
                0x00000000000011d4                __dso_handle
 .data          0x00000000000011d8        0x0 src/filter.c.7.o
 .data          0x00000000000011d8        0x0 src/filter_project.c.7.o
 .data          0x00000000000011d8        0x0 src/filter_project_display.c.7.o
 .data          0x00000000000011d8        0x0 src/pebbletodoTxt.c.7.o
 .data          0x00000000000011d8        0x0 appinfo.auto.c.7.o
 .data          0x00000000000011d8        0x0 /Users/kyle/pebble-dev/PebbleSDK-2.0-BETA7/Pebble/lib/libpebble.a(tmpW5b3swpebble.o)
 .data          0x00000000000011d8        0x0 /Users/kyle/pebble-dev/PebbleSDK-2.0-BETA7/arm-cs-tools/bin/../lib/gcc/arm-none-eabi/4.7.2/thumb2/crtend.o
 .data          0x00000000000011d8        0x0 /Users/kyle/pebble-dev/PebbleSDK-2.0-BETA7/arm-cs-tools/bin/../lib/gcc/arm-none-eabi/4.7.2/thumb2/crtn.o
 *(.data.*)

.igot.plt       0x00000000000011d8        0x0
 .igot.plt      0x0000000000000000        0x0 /Users/kyle/pebble-dev/PebbleSDK-2.0-BETA7/arm-cs-tools/bin/../lib/gcc/arm-none-eabi/4.7.2/thumb2/crtbegin.o

.got            0x00000000000011d8       0x18
 .got           0x00000000000011d8       0x18 /Users/kyle/pebble-dev/PebbleSDK-2.0-BETA7/arm-cs-tools/bin/../lib/gcc/arm-none-eabi/4.7.2/thumb2/crtbegin.o

.got.plt        0x00000000000011f0        0xc
 .got.plt       0x00000000000011f0        0xc /Users/kyle/pebble-dev/PebbleSDK-2.0-BETA7/arm-cs-tools/bin/../lib/gcc/arm-none-eabi/4.7.2/thumb2/crtbegin.o
                0x00000000000011f0                _GLOBAL_OFFSET_TABLE_

.bss            0x00000000000011fc      0x544
 *(.bss)
 *(.bss.*)
 .bss.menu_layer
                0x00000000000011fc        0x4 src/filter.c.7.o
 .bss.window    0x0000000000001200        0x4 src/filter.c.7.o
 .bss.type      0x0000000000001204        0x4 src/filter_project.c.7.o
 .bss.menu_layer
                0x0000000000001208        0x4 src/filter_project.c.7.o
 .bss.window    0x000000000000120c        0x4 src/filter_project.c.7.o
 .bss.menu_layer
                0x0000000000001210        0x4 src/filter_project_display.c.7.o
 .bss.current   0x0000000000001214        0x4 src/filter_project_display.c.7.o
                0x0000000000001214                current
 .bss.window    0x0000000000001218        0x4 src/filter_project_display.c.7.o
 .bss.menu_layer
                0x000000000000121c        0x4 src/pebbletodoTxt.c.7.o
 .bss.text_layer
                0x0000000000001220        0x4 src/pebbletodoTxt.c.7.o
 .bss.sync      0x0000000000001224       0x20 src/pebbletodoTxt.c.7.o
 .bss.isFinished
                0x0000000000001244        0x1 src/pebbletodoTxt.c.7.o
                0x0000000000001244                isFinished
 .bss.sync_buffer
                0x0000000000001245      0x100 src/pebbletodoTxt.c.7.o
 *fill*         0x0000000000001345        0x3 
 .bss.window    0x0000000000001348        0x4 src/pebbletodoTxt.c.7.o
 COMMON         0x000000000000134c       0x94 src/filter_project.c.7.o
                0x000000000000134c                appTimer
                0x0000000000001350                strings
 COMMON         0x00000000000013e0      0x360 src/pebbletodoTxt.c.7.o
                0x00000000000013e0                projects
                0x0000000000001470                tasks
                0x0000000000001500                taskItems
                0x00000000000016b0                contexts

DISCARD
 libc.a(*)
 libm.a(*)
 libgcc.a(*)
 *(.eh_frame)
OUTPUT(/Users/kyle/Documents/workspace/pevtxt/pebble/pebbletodoTxt/build/pebble-app.elf elf32-littlearm)

.ARM.attributes
                0x0000000000000000       0x27
 .ARM.attributes
                0x0000000000000000       0x19 /Users/kyle/pebble-dev/PebbleSDK-2.0-BETA7/arm-cs-tools/bin/../lib/gcc/arm-none-eabi/4.7.2/thumb2/crti.o
 .ARM.attributes
                0x0000000000000019       0x29 /Users/kyle/pebble-dev/PebbleSDK-2.0-BETA7/arm-cs-tools/bin/../lib/gcc/arm-none-eabi/4.7.2/thumb2/crtbegin.o
 .ARM.attributes
                0x0000000000000042       0x33 src/filter.c.7.o
 .ARM.attributes
                0x0000000000000075       0x33 src/filter_project.c.7.o
 .ARM.attributes
                0x00000000000000a8       0x33 src/filter_project_display.c.7.o
 .ARM.attributes
                0x00000000000000db       0x33 src/pebbletodoTxt.c.7.o
 .ARM.attributes
                0x000000000000010e       0x33 appinfo.auto.c.7.o
 .ARM.attributes
                0x0000000000000141       0x21 /Users/kyle/pebble-dev/PebbleSDK-2.0-BETA7/Pebble/lib/libpebble.a(tmpW5b3swpebble.o)
 .ARM.attributes
                0x0000000000000162       0x29 /Users/kyle/pebble-dev/PebbleSDK-2.0-BETA7/arm-cs-tools/bin/../lib/gcc/arm-none-eabi/4.7.2/thumb2/crtend.o
 .ARM.attributes
                0x000000000000018b       0x19 /Users/kyle/pebble-dev/PebbleSDK-2.0-BETA7/arm-cs-tools/bin/../lib/gcc/arm-none-eabi/4.7.2/thumb2/crtn.o

.comment        0x0000000000000000       0x4e
 .comment       0x0000000000000000       0x4e /Users/kyle/pebble-dev/PebbleSDK-2.0-BETA7/arm-cs-tools/bin/../lib/gcc/arm-none-eabi/4.7.2/thumb2/crtbegin.o
                                         0x4f (size before relaxing)
 .comment       0x0000000000000000       0x4f src/filter.c.7.o
 .comment       0x0000000000000000       0x4f src/filter_project.c.7.o
 .comment       0x0000000000000000       0x4f src/filter_project_display.c.7.o
 .comment       0x0000000000000000       0x4f src/pebbletodoTxt.c.7.o
 .comment       0x0000000000000000       0x4f appinfo.auto.c.7.o
 .comment       0x0000000000000000       0x4f /Users/kyle/pebble-dev/PebbleSDK-2.0-BETA7/arm-cs-tools/bin/../lib/gcc/arm-none-eabi/4.7.2/thumb2/crtend.o

.debug_info     0x0000000000000000     0x4151
 .debug_info    0x0000000000000000      0xac4 src/filter.c.7.o
 .debug_info    0x0000000000000ac4      0xcd5 src/filter_project.c.7.o
 .debug_info    0x0000000000001799      0xc48 src/filter_project_display.c.7.o
 .debug_info    0x00000000000023e1     0x1a44 src/pebbletodoTxt.c.7.o
 .debug_info    0x0000000000003e25      0x32c appinfo.auto.c.7.o

.debug_abbrev   0x0000000000000000      0xdc0
 .debug_abbrev  0x0000000000000000      0x2ef src/filter.c.7.o
 .debug_abbrev  0x00000000000002ef      0x34c src/filter_project.c.7.o
 .debug_abbrev  0x000000000000063b      0x2f9 src/filter_project_display.c.7.o
 .debug_abbrev  0x0000000000000934      0x3d8 src/pebbletodoTxt.c.7.o
 .debug_abbrev  0x0000000000000d0c       0xb4 appinfo.auto.c.7.o

.debug_loc      0x0000000000000000     0x1086
 .debug_loc     0x0000000000000000      0x31a src/filter.c.7.o
 .debug_loc     0x000000000000031a      0x2db src/filter_project.c.7.o
 .debug_loc     0x00000000000005f5      0x255 src/filter_project_display.c.7.o
 .debug_loc     0x000000000000084a      0x83c src/pebbletodoTxt.c.7.o

.debug_aranges  0x0000000000000000      0x1a8
 .debug_aranges
                0x0000000000000000       0x58 src/filter.c.7.o
 .debug_aranges
                0x0000000000000058       0x68 src/filter_project.c.7.o
 .debug_aranges
                0x00000000000000c0       0x60 src/filter_project_display.c.7.o
 .debug_aranges
                0x0000000000000120       0x70 src/pebbletodoTxt.c.7.o
 .debug_aranges
                0x0000000000000190       0x18 appinfo.auto.c.7.o

.debug_ranges   0x0000000000000000      0x1c0
 .debug_ranges  0x0000000000000000       0x48 src/filter.c.7.o
 .debug_ranges  0x0000000000000048       0x58 src/filter_project.c.7.o
 .debug_ranges  0x00000000000000a0       0x50 src/filter_project_display.c.7.o
 .debug_ranges  0x00000000000000f0       0xd0 src/pebbletodoTxt.c.7.o

.debug_line     0x0000000000000000      0xc5b
 .debug_line    0x0000000000000000      0x22c src/filter.c.7.o
 .debug_line    0x000000000000022c      0x299 src/filter_project.c.7.o
 .debug_line    0x00000000000004c5      0x27f src/filter_project_display.c.7.o
 .debug_line    0x0000000000000744      0x3f5 src/pebbletodoTxt.c.7.o
 .debug_line    0x0000000000000b39      0x122 appinfo.auto.c.7.o

.debug_str      0x0000000000000000      0xe18
 .debug_str     0x0000000000000000      0x53a src/filter.c.7.o
                                        0x5c1 (size before relaxing)
 .debug_str     0x000000000000053a      0x143 src/filter_project.c.7.o
                                        0x6e5 (size before relaxing)
 .debug_str     0x000000000000067d       0x43 src/filter_project_display.c.7.o
                                        0x6a2 (size before relaxing)
 .debug_str     0x00000000000006c0      0x5e6 src/pebbletodoTxt.c.7.o
                                        0xc96 (size before relaxing)
 .debug_str     0x0000000000000ca6      0x172 appinfo.auto.c.7.o
                                        0x29c (size before relaxing)

.debug_frame    0x0000000000000000      0x410
 .debug_frame   0x0000000000000000       0xcc src/filter.c.7.o
 .debug_frame   0x00000000000000cc      0x10c src/filter_project.c.7.o
 .debug_frame   0x00000000000001d8      0x104 src/filter_project_display.c.7.o
 .debug_frame   0x00000000000002dc      0x134 src/pebbletodoTxt.c.7.o
